_off^_usr, _off^_usr, _off^_usr, _off^_usr, _off^_usr, _off^_usr, _off^_usr, _off^_usr, _off^_usr, _off^_usr, _off^_usr, _off^_usr, _off^_usr, _off^_usr, _off^_usr, _off^_usr, _off^_usr, _off^_usr, _off^_usr, _off^_usr, _off^_usr, _off^_usr, _off^_usr, _off^_usr, _off^_usr, _off^_usr, _off^_usr, _off^_usr, _off^_usr, _off^_usr, _off^_usr, _off^_usr
_off^_usr, _off^_usr, _off^_usr, _off^_usr, _off^_usr, _off^_usr, _off^_usr, _off^_usr, _off^_usr, _off^_usr, _off^_usr, _off^_usr, _off^_usr, _off^_usr, _off^_usr, _off^_usr, _off^_usr, _off^_usr, _off^_usr, _off^_usr, _off^_usr, _off^_usr, _off^_usr, _off^_usr, _off^_usr, _off^_usr, _off^_usr, _off^_usr, _off^_usr, _off^_usr, _off^_usr, _off^_usr
_off^_usr, _off^_usr, _off^_usr, _off^_usr, _off^_usr, _off^_usr, _off^_usr, _off^_usr, _off^_usr, _off^_usr, _off^_usr, _off^_usr, _off^_usr, _off^_usr, _off^_usr, _off^_usr, _off^_usr, _off^_usr, _off^_usr, _off^_usr, _off^_usr, _off^_usr, _off^_usr, _off^_usr, _off^_usr, _off^_usr, _off^_usr, _off^_usr, _off^_usr, _off^_usr, _off^_usr, _off^_usr
_off^_usr, _off^_usr, _off^_usr, _off^_usr, _off^_usr, _off^_usr, _off^_usr, _off^_usr, _off^_usr, _off^_usr, _off^_usr, _off^_usr, _off^_usr, _off^_usr, _off^_usr, _off^_usr, _off^_usr, _off^_usr, _off^_usr, _off^_usr, _off^_usr, _off^_usr, _off^_usr, _off^_usr, _off^_usr, _off^_usr, _off^_usr, _off^_usr, _off^_usr, _off^_usr, Xu, _off^_usr
_off^_usr, _off^_usr, _off^_usr, _off^_usr, _off^_usr, _off^_usr, _off^_usr, _off^_usr, _off^_usr, _off^_usr, _off^_usr, _off^_usr, _off^_usr, _off^_usr, _off^_usr, _off^_usr, _off^_usr, _off^_usr, _off^_usr, _off^_usr, _off^_usr, _off^_usr, _off^_usr, _off^_usr, _off^_usr, _off^_usr, _off^_usr, _off^_usr, Xu, Xu, Aa, Xu
_off^_usr, _off^_usr, _off^_usr, _off^_usr, _off^_usr, _off^_usr, _off^_usr, _off^_usr, _off^_usr, _off^_usr, _off^_usr, _off^_usr, _off^_usr, _off^_usr, _off^_usr, _off^_usr, _off^_usr, _off^_usr, _off^_usr, _off^_usr, _off^_usr, _off^_usr, _off^_usr, _off^_usr, _off^_usr, _off^_usr, _off^_usr, _off^_usr, Xu, Aa, Xu, Aa
_off^_usr, _off^_usr, _off^_usr, _off^_usr, _off^_usr, _off^_usr, _off^_usr, _off^_usr, _off^_usr, _off^_usr, _off^_usr, _off^_usr, _off^_usr, _off^_usr, _off^_usr, _off^_usr, _off^_usr, _off^_usr, _off^_usr, _off^_usr, _off^_usr, _off^_usr, _off^_usr, _off^_usr, Xu, Xu, Xu, _off^_usr, Xu, Aa, Aa, Aa
_off^_usr, _off^_usr, _off^_usr, _off^_usr, _off^_usr, _off^_usr, _off^_usr, _off^_usr, _off^_usr, _off^_usr, _off^_usr, _off^_usr, _off^_usr, _off^_usr, _off^_usr, _off^_usr, _off^_usr, _off^_usr, _off^_usr, _off^_usr, _off^_usr, _off^_usr, _off^_usr, Xu, Uu, Uu, Uu, Xu, Ds, Xu, Xu, Xu
_off^_usr, _off^_usr, _off^_usr, _off^_usr, _off^_usr, _off^_usr, _off^_usr, _off^_usr, _off^_usr, _off^_usr, _off^_usr, _off^_usr, _off^_usr, _off^_usr, _off^_usr, _off^_usr, _off^_usr, _off^_usr, _off^_usr, _off^_usr, Xu, _off^_usr, _off^_usr, Xu, Uu, Xu, Uu, Xu, Ds, Ds, Xu, Ds
_off^_usr, _off^_usr, _off^_usr, _off^_usr, _off^_usr, _off^_usr, _off^_usr, _off^_usr, _off^_usr, _off^_usr, _off^_usr, _off^_usr, _off^_usr, _off^_usr, _off^_usr, _off^_usr, _off^_usr, _off^_usr, Xu, Xu, Wo, Xu, Xu, Xu, Xu, Uu, Xu, Xu, Xu, Xu, Ql, Xu
_off^_usr, _off^_usr, _off^_usr, _off^_usr, _off^_usr, _off^_usr, _off^_usr, _off^_usr, _off^_usr, _off^_usr, _off^_usr, _off^_usr, _off^_usr, _off^_usr, _off^_usr, _off^_usr, _off^_usr, _off^_usr, Xu, Wo, Xu, Wo, Xu, Rd, Rd, Xu, Dd, Dd, Xu, Ql, Ql, Ql
_off^_usr, _off^_usr, _off^_usr, _off^_usr, _off^_usr, _off^_usr, _off^_usr, _off^_usr, _off^_usr, _off^_usr, _off^_usr, _off^_usr, _off^_usr, _off^_usr, Xu, Xu, Xu, _off^_usr, Xu, Wo, Wo, Wo, Xu, Rd, Xu, Xu, Xu, Xu, Xu, Ql, Ql, Ql
_off^_usr, _off^_usr, _off^_usr, _off^_usr, _off^_usr, _off^_usr, _off^_usr, _off^_usr, _off^_usr, _off^_usr, _off^_usr, _off^_usr, _off^_usr, Xu, Ww, Ww, Ww, Xu, Wo, Xu, Xu, Xu, Ww, Xu, Uu, Qxu, Ww, Ww, Uh, Xu, Xu, Xu
_off^_usr, _off^_usr, _off^_usr, _off^_usr, _off^_usr, _off^_usr, _off^_usr, _off^_usr, _off^_usr, _off^_usr, Xu, _off^_usr, _off^_usr, Xu, Ww, Xu, Ww, Xu, Wo, Wo, Xu, Ww, Ww, Xu, Qxu, Rb, Ww, Xu, Cud, 3 Kud, Xue, Uu
_off^_usr, _off^_usr, _off^_usr, _off^_usr, _off^_usr, _off^_usr, _off^_usr, _off^_usr, Xu, Xu, Ai, Xu, Xu, Xu, Xu, Ww, Xu, Xu, Xu, Xu, Qxu, Xu, Xu, Xu, Xu, Qxu^Bs|, Rb, Wwf, Xu, Rr, Xue, Xu
_off^_usr, _off^_usr, _off^_usr, _off^_usr, _off^_usr, _off^_usr, _off^_usr, _off^_usr, Xu, Ai, Xu, Ai, Xu, 7 Kud, Cud, Xu, Cud, Xu, Gd, Uu, Uu^Vu, Qxu, Xu, Ql, Ql, Xu, Gd^Fdf, Wwf, Rr, Rr, Gd, Xu
_off^_usr, _off^_usr, _off^_usr, _off^_usr, Xu, Xu, Xu, _off^_usr, Xu, Ai, Ai, Ai, Xu, Cud, Rr, Cud, Gd, Gd, Rr, Rr, Rr, Uu, Xu, Ql, Xu, Xu, Xu, Hhd, Rr, Xu, Gd^Fdf, Xu
_off^_usr, _off^_usr, _off^_usr, Xu, Aa, Aa, Aa, Xu, Wo, Xu, Xu, Xu, Wwf, Wwf, Gd, Rr, Rr, Rr, Xu, Xu, Xu, Rr, Rr, Xu, Gd, Hhd, Gd, Xu, Rr, Gs, Ds, Ds
_off^_usr, _off^_usr, _off^_usr, Xu, Aa, Xu, Aa, Xu, Wo, Wo, Xu, Xu, Ww, Ww, Gd, Gd, Rr, Xu, Ql, Qxu, Xu, Gd^Fdf, Gd^Fdf, Rr, Rr, Gd, Cud, Xu, Rr, Ds, Wwg, Ww
_off^_usr, _off^_usr, _off^_usr, Xu, Xu, Aa, Xu, Xu, Xu, Xu, Ql, Xu, Xu, Ww, Gs, Gd, Rr, Xu, Xu, Mv, Rb, Xu, Xu, Xu, Xu, Rr, Rr, Rr, Ww, Wwf, Ds, Ww
_off^_usr, _off^_usr, _off^_usr, _off^_usr, _off^_usr, Xu, Ww, Ww, Xu, Ql, Ql, Ql, Xu, Uu^Vu, Gd^Fdf, Gs, Rr, Uh, Xu, Rb, Gd, Gd, Gd, Ds^Esd, Wwt, Rr, Gll^Fp, Ww, Wwt, Hhd, Gd^Fmw, Ds
_off^_usr, _off^_usr, _off^_usr, _off^_usr, Xu, Xu, Xu, Ww, Xu, Ql, Ql, Ql, Xu, Hh, Xu, Gs, Rr, Uh, Xu, Gs^Efm, Gs, Gs, Rr^Vhc, Ds, Wwt, Rp, Wwf, Wwf, Ww, Gll^Wm, Md, Ds
_off^_usr, _off^_usr, _off^_usr, Xu, Ds, Ds, Ds, Xu, Ai, Xu, Xu, Xu, Aa, Xu, Gd^Fdf, Gs, Rr, Xu, Hh, Gg, Gd, Gs, Ds, Dd, Md^Xm, Rr, Gll^Fp, Gll^Fp, Wwf, Wwf, Ww, Wwg
_off^_usr, _off^_usr, _off^_usr, Xu, Ds, Xu, Ds, Xu, Ai, Ai, Xu, Aa, Aa, Xu, Gs, Gs, Rr, Xu, Rp, Mm^Xm, Dd^Do, Gd, 5 Khw, Wwf, Ds^Esd, Rr, Rr, Gll, Sm, Ww, Gll^Gvs, Ds
_off^_usr, _off^_usr, _off^_usr, Xu, Xu, Ds, Xu, Xu, Xu, Xu, Uu^Uf, Xu, Xu, Xu, Xu, Cud, Gs, Rp, Gll^Fp, Rr, Rr, Chw, Chw, Ww^Ewf, Dd, Gs^Fms, Md, Rr, Rr, Gd^Fmw, Gd^Gvs, Ds
_off^_usr, _off^_usr, _off^_usr, _off^_usr, _off^_usr, Xu, Dd, Dd, Xu, Uu^Uf, Uu^Vu, Uu^Uf, Xu, Ql, Ql, Xu, Md, Gs, Gd^Fmw, Gll^Fp, Rr, Rr, Ww^Bsb\, Ww, Wwt, Dd, Gd^Fmw, Hhd^Fdw, Rr, Gd^Gvs, Dd^Do, Ds
_off^_usr, _off^_usr, _off^_usr, _off^_usr, Xu, Xu, Xu, Dd, Xu, Uu^Uf, Uu^Uf, Uu^Uf, Rr, Rr, Rr, Hhd, Gd^Fdf, Gd, Rr, Rr, Ww, Wwt, Gd^Fmw, Rrc, Rr, Gd, Rr, Rr, Chw, Chw, Rr^Vhc, Wwf
_off^_usr, _off^_usr, _off^_usr, Xu, Rd, Rd, Rd, Xu, Ql, Xu, Xu, Rr, Xu, Cud, Xu, Rr, Rr, Rr, Ww, Ww, Chw, Ds, Wwf, Hhd, Wwt, Rr, Wwf, Ww, Wwt, 1 Khw, Wwf, Wwg
_off^_usr, _off^_usr, _off^_usr, Xu, Rd, Xu, Rd, Xu, Ql, Ql, Xu, Xu, Xu, Xu, Xu, Hhd^Fdf, Rr, Dd^Do, Ww, Khw, Chw, Wwf, Wwf, Ww, Wwt, Qxe, Wwf, Ww, Wwt, Ww, Wwf, Wwf
_off^_usr, _off^_usr, _off^_usr, Xu, Xu, Rd, Xu, Xu, Xu, Xu, Uu^Uf, Rr, Rr, Cud, Rr, Rr, Gd^Fdf, Rr, Rr, Ww, Ww, Ds, Gd^Fmw, Hhd, Rr, Rr, Rr, Ww, Chw, 2 Khw, Rr^Vhc, Wwf
_off^_usr, _off^_usr, _off^_usr, _off^_usr, _off^_usr, Xu, Dd, Dd, Xu, Uu^Uf, Uu^Vu, Uu^Uf, Xu, Rr, Ql, Hhd, Md, Gd, Gd^Fmw, Rr, Rr, Wwt, Ww^Bsb/, Rp, Wwt, Gd, Gd^Fmw, Rr, Rr, Chw, Dd^Do, Wwf
_off^_usr, _off^_usr, _off^_usr, _off^_usr, Xu, Xu, Xu, Dd, Xu, Uu^Uf, Uu^Uf, Uu^Uf, Xu, Ql, Xu, Xu, Gs, Gs^Efm, Gll^Fp, Gll^Fp, Rr, Rrc, Chw, Ww, Dd, Dd^Dc, Md, Hhd^Fmf, Rr, Gd^Gvs, Gd^Gvs, Ds
_off^_usr, _off^_usr, _off^_usr, Xu, Ds, Ds, Ds, Xu, Ai, Xu, Xu, Xu, Aa, Xu, Gs, Cud, Rr, Rp, Rp, Rr, Dd^Do, Chw, 6 Khw, Ww^Ewf, Ds, Gs^Fms, Rr, Rr, Sm, Gd^Fmw, Gll^Gvs, Ds
_off^_usr, _off^_usr, _off^_usr, Xu, Ds, Xu, Ds, Xu, Ai, Ai, Xu, Aa, Aa, Xu, Gd^Fdf, Gs, Rr, Xu, Hh, Mm^Xm, Gs, Gd, Ds, Wwf, Md^Xm, Rr, Gll^Fp, Gll, Wwf, Ww, Ww, Ds
_off^_usr, _off^_usr, _off^_usr, Xu, Xu, Ds, Xu, Xu, Xu, Xu, Ql, Xu, Xu, Xu, Xu, Gs, Rr, Xu, Xu, Gg, Gs, Gd, Rr^Vhc, Ds, Wwt, Rr, Wwf, Gll^Fp, Ww, Wwf, Md, Wwg
_off^_usr, _off^_usr, _off^_usr, _off^_usr, _off^_usr, Xu, Ww, Ww, Xu, Ql, Ql, Ql, Xu, Hh, Gd^Fdf, Gs, Rr, Uh, Xu, Gd, Gd, Gs^Efm, Gd, Ds^Esd, Wwt, Rr, Gll^Fp, Wwf, Wwt, Gll, Gd^Fmw, Ds
_off^_usr, _off^_usr, _off^_usr, _off^_usr, Xu, Xu, Xu, Ww, Xu, Ql, Ql, Ql, Xu, Uu^Vu, Gs, Gs, Rr, Uh, Xu, Rb, Rb, Gd, Xu, Dd^Edp, Xu, Rr, Rr, Ww, Ww, Hhd, Ds, Ds
_off^_usr, _off^_usr, _off^_usr, Xu, Aa, Aa, Aa, Xu, Wo, Xu, Xu, Xu, Ww, Ww, Gd, Gd, Rr, Xu, Ql, Mv, Xu, Xu, Gd^Fdf, Xu, Rr, Rr, Cud, Rr, Rr, Wwf, Wwg, Ww
_off^_usr, _off^_usr, _off^_usr, Xu, Aa, Xu, Aa, Xu, Wo, Wo, Xu, Xu, Wwf, Ww, Gd, Gd, Rr, Xu, Xu, Qxu, Xu, Gd^Fdf, Rr, Rp, Gd, Gd, Gd, Xu, Rr, Ds, Ds, Ww
_off^_usr, _off^_usr, _off^_usr, Xu, Xu, Aa, Xu, Xu, Xu, Xu, Ai, Xu, Xu, Wwf, Rr, Rr, Gd, Rr, Rr, Xu, Rr, Rr, Xu, Xu, Xu, Hhd, Xu, Xu, Rr, Gs, Gd^Fdf, Ds
_off^_usr, _off^_usr, _off^_usr, _off^_usr, _off^_usr, Xu, _off^_usr, _off^_usr, Xu, Ai, Xu, Ai, Xu, Cud, Cud, Cud, Cud, Gd, Gd, Rr, Uu^Vu, Uu, Xu, Ql, Ql, Xu, Gd^Fdf, Hhd, Rr, Xu, Gd, Xu
_off^_usr, _off^_usr, _off^_usr, _off^_usr, _off^_usr, _off^_usr, _off^_usr, _off^_usr, Xu, Ai, Ai, Ai, Xu, 8 Kud, Xu, Xu, Xu, Xu, Xu, Uu, Qxu, Qxu, Xu, Ql, Xu, Xu, Rb, Wwf, Xu, Rr, Xue, Xu
_off^_usr, _off^_usr, _off^_usr, _off^_usr, _off^_usr, _off^_usr, _off^_usr, _off^_usr, _off^_usr, Xu, Xu, Xu, _off^_usr, Xu, Ww, Ww, Ww, Xu, Wo, Xu, Xu, Xu, Ww, Xu, Qxu, Qxu^Bs|, Ww, Wwf, Cud, Rr, Xu, Xu
_off^_usr, _off^_usr, _off^_usr, _off^_usr, _off^_usr, _off^_usr, _off^_usr, _off^_usr, _off^_usr, _off^_usr, _off^_usr, _off^_usr, _off^_usr, Xu, Ww, Xu, Ww, Xu, Wo, Wo, Xu, Ww, Ww, Xu, Uu, Rb, Ww, Xu, Uh, 4 Kud, Xu, Uu
_off^_usr, _off^_usr, _off^_usr, _off^_usr, _off^_usr, _off^_usr, _off^_usr, _off^_usr, _off^_usr, _off^_usr, _off^_usr, _off^_usr, _off^_usr, Xu, Xu, Ww, Xu, Xu, Xu, Xu, Wo, Xu, Xu, Xu, Xu, Qxu, Xu, Ww, Xu, Xu, Ql, Xu
_off^_usr, _off^_usr, _off^_usr, _off^_usr, _off^_usr, _off^_usr, _off^_usr, _off^_usr, _off^_usr, _off^_usr, _off^_usr, _off^_usr, _off^_usr, _off^_usr, _off^_usr, Xu, _off^_usr, _off^_usr, Xu, Wo, Xu, Wo, Xu, Rd, Rd, Xu, Dd, Xu, Xu, Ql, Ql, Ql
_off^_usr, _off^_usr, _off^_usr, _off^_usr, _off^_usr, _off^_usr, _off^_usr, _off^_usr, _off^_usr, _off^_usr, _off^_usr, _off^_usr, _off^_usr, _off^_usr, _off^_usr, _off^_usr, _off^_usr, _off^_usr, Xu, Wo, Wo, Wo, Xu, Rd, Xu, Xu, Xu, Dd, Xu, Ql, Ql, Ql
_off^_usr, _off^_usr, _off^_usr, _off^_usr, _off^_usr, _off^_usr, _off^_usr, _off^_usr, _off^_usr, _off^_usr, _off^_usr, _off^_usr, _off^_usr, _off^_usr, _off^_usr, _off^_usr, _off^_usr, _off^_usr, _off^_usr, Xu, Xu, Xu, _off^_usr, Xu, Uu, Uu, Uu, Xu, Ds, Xu, Xu, Xu
_off^_usr, _off^_usr, _off^_usr, _off^_usr, _off^_usr, _off^_usr, _off^_usr, _off^_usr, _off^_usr, _off^_usr, _off^_usr, _off^_usr, _off^_usr, _off^_usr, _off^_usr, _off^_usr, _off^_usr, _off^_usr, _off^_usr, _off^_usr, _off^_usr, _off^_usr, _off^_usr, Xu, Uu, Xu, Uu, Xu, Ds, Ds, Xu, Ds
_off^_usr, _off^_usr, _off^_usr, _off^_usr, _off^_usr, _off^_usr, _off^_usr, _off^_usr, _off^_usr, _off^_usr, _off^_usr, _off^_usr, _off^_usr, _off^_usr, _off^_usr, _off^_usr, _off^_usr, _off^_usr, _off^_usr, _off^_usr, _off^_usr, _off^_usr, _off^_usr, Xu, Xu, Uu, Xu, Xu, Xu, Xu, Aa, Xu
_off^_usr, _off^_usr, _off^_usr, _off^_usr, _off^_usr, _off^_usr, _off^_usr, _off^_usr, _off^_usr, _off^_usr, _off^_usr, _off^_usr, _off^_usr, _off^_usr, _off^_usr, _off^_usr, _off^_usr, _off^_usr, _off^_usr, _off^_usr, _off^_usr, _off^_usr, _off^_usr, _off^_usr, _off^_usr, Xu, _off^_usr, _off^_usr, Xu, Aa, Xu, Aa
_off^_usr, _off^_usr, _off^_usr, _off^_usr, _off^_usr, _off^_usr, _off^_usr, _off^_usr, _off^_usr, _off^_usr, _off^_usr, _off^_usr, _off^_usr, _off^_usr, _off^_usr, _off^_usr, _off^_usr, _off^_usr, _off^_usr, _off^_usr, _off^_usr, _off^_usr, _off^_usr, _off^_usr, _off^_usr, _off^_usr, _off^_usr, _off^_usr, Xu, Aa, Aa, Aa
_off^_usr, _off^_usr, _off^_usr, _off^_usr, _off^_usr, _off^_usr, _off^_usr, _off^_usr, _off^_usr, _off^_usr, _off^_usr, _off^_usr, _off^_usr, _off^_usr, _off^_usr, _off^_usr, _off^_usr, _off^_usr, _off^_usr, _off^_usr, _off^_usr, _off^_usr, _off^_usr, _off^_usr, _off^_usr, _off^_usr, _off^_usr, _off^_usr, _off^_usr, Xu, Xu, Xu
_off^_usr, _off^_usr, _off^_usr, _off^_usr, _off^_usr, _off^_usr, _off^_usr, _off^_usr, _off^_usr, _off^_usr, _off^_usr, _off^_usr, _off^_usr, _off^_usr, _off^_usr, _off^_usr, _off^_usr, _off^_usr, _off^_usr, _off^_usr, _off^_usr, _off^_usr, _off^_usr, _off^_usr, _off^_usr, _off^_usr, _off^_usr, _off^_usr, _off^_usr, _off^_usr, _off^_usr, _off^_usr
_off^_usr, _off^_usr, _off^_usr, _off^_usr, _off^_usr, _off^_usr, _off^_usr, _off^_usr, _off^_usr, _off^_usr, _off^_usr, _off^_usr, _off^_usr, _off^_usr, _off^_usr, _off^_usr, _off^_usr, _off^_usr, _off^_usr, _off^_usr, _off^_usr, _off^_usr, _off^_usr, _off^_usr, _off^_usr, _off^_usr, _off^_usr, _off^_usr, _off^_usr, _off^_usr, _off^_usr, _off^_usr
_off^_usr, _off^_usr, _off^_usr, _off^_usr, _off^_usr, _off^_usr, _off^_usr, _off^_usr, _off^_usr, _off^_usr, _off^_usr, _off^_usr, _off^_usr, _off^_usr, _off^_usr, _off^_usr, _off^_usr, _off^_usr, _off^_usr, _off^_usr, _off^_usr, _off^_usr, _off^_usr, _off^_usr, _off^_usr, _off^_usr, _off^_usr, _off^_usr, _off^_usr, _off^_usr, _off^_usr, _off^_usr
