Xu, Xu, Xu, Xu, Xu, Xu, Xu, Xu, Xu, Xu, Xu, Xu, Xu, Xu, Xu, Xu, Xu, Xu, Xu
Xu, Xu, Xu, Xu, Xu, Xu, Xu, Xu, Xu, Xu, Xu, Xu, Xu, Xu, Xu, Xu, Xu, Xu, Xu
Xu, Xu, Xu, Xu, Xu, Xu, Xu, Xu, Xu, Xu, Xu, Xu, Xu, Xu, Xu, Xu, Xu, Xu, Xu
Xu, Xu, Xu, Xu, Xu, Xu, Xu, Xu, Gg, Mm^Vhh, Gg, Xu, Xu, Xu, Xu, Xu, Xu, Xu, Xu
Xu, Xu, Xu, Xu, Xu, Xu, Gg, Gg, Wwf, Wwf, Wwf, Gg, Gg, Xu, Xu, Xu, Xu, Xu, Xu
Xu, Xu, Xu, Xu, Gg, Gg, Wwf, Wwf, Xu, Xu, Xu, Wwf, Wwf, Gg, Gg, Xu, Xu, Xu, Xu
Xu, Xu, 2 Kh, Ch, Rr^Vhc, Gg, Wwf, Xu, Hh, Hh, Hh, Xu, Wwf, Gg, Rr^Vhc, Ch, 3 Kh, Xu, Xu
Xu, Xu, Xu, Ch, Xu, Gg, Wwf, Xu, Ds, Gs^Fp, Ds, Xu, Wwf, Gg, Xu, Ch, Xu, Xu, Xu
Xu, Xu, Xu, Xu, Xu, Gg, Wwf, Xu, Gs^Fp, Ds, Gs^Fp, Xu, Wwf, Gg, Xu, Xu, Xu, Xu, Xu
Xu, Xu, Xu, Xu, Xu, Gs^Fp, Gs^Fp, Ww, Ww, Ds, Ww, Ww, Gs^Fp, Gs^Fp, Xu, Xu, Xu, Xu, Xu
Xu, Xu, Xu, Xu, Xu, Hh^Vhh, Gs^Fp, Hh, Ww, Ww^Bw|, Ww, Hh, Gs^Fp, Hh^Vhh, Xu, Xu, Xu, Xu, Xu
Xu, Xu, Xu, Xu, Xu, Gs^Fp, Wwf, Ww, Gs^Fp, Ds, Gs^Fp, Ww, Wwf, Gs^Fp, Xu, Xu, Xu, Xu, Xu
Xu, Xu, Xu, Xu, Xu, Gg, Wwf, Xu, Ds, Ds, Ds, Xu, Wwf, Gg, Xu, Xu, Xu, Xu, Xu
Xu, Xu, 1 Kh, Ch, Gg^Vhc, Gg, Wwf, Xu, Hh, Gs^Fp, Hh, Xu, Wwf, Gg, Rr^Vhc, Ch, 4 Kh, Xu, Xu
Xu, Xu, Xu, Ch, Gg, Gg, Wwf, Xu, Xu, Hh, Xu, Xu, Wwf, Gg, Gg, Ch, Xu, Xu, Xu
Xu, Xu, Xu, Xu, Xu, Gg, Gg, Wwf, Wwf, Xu, Wwf, Wwf, Gg, Gg, Xu, Xu, Xu, Xu, Xu
Xu, Xu, Xu, Xu, Xu, Xu, Xu, Gg, Gg, Wwf, Gg, Gg, Xu, Xu, Xu, Xu, Xu, Xu, Xu
Xu, Xu, Xu, Xu, Xu, Xu, Xu, Xu, Xu, Mm^Vhh, Xu, Xu, Xu, Xu, Xu, Xu, Xu, Xu, Xu
Xu, Xu, Xu, Xu, Xu, Xu, Xu, Xu, Xu, Xu, Xu, Xu, Xu, Xu, Xu, Xu, Xu, Xu, Xu
Xu, Xu, Xu, Xu, Xu, Xu, Xu, Xu, Xu, Xu, Xu, Xu, Xu, Xu, Xu, Xu, Xu, Xu, Xu
