Xu, Xu, Xu, Xu, Xu, Xu, Xu, Xu, Xu, Xu, Md^Xm, Md^Xm, Md^Xm, Md^Xm, Md^Xm, Md^Xm, Md^Xm, Md^Xm, Md^Xm, Md^Xm, Ai, Mm^Xm, Mm^Xm, Ai, Mm^Xm, Mm^Xm, Mm^Xm, Ai, Mm^Xm, Ai, Mm^Xm, Mm^Xm
Xu, Xu, Xu, Xu, Xu, Xu, Xu, Xu, Xu, Xu, Md^Xm, Md^Xm, Md^Xm, Md^Xm, Dd^Dc, Md^Xm, Md^Xm, Md^Xm, Md^Xm, Md^Xm, Mm^Xm, Mm^Xm, Mm^Xm, Mm^Xm, Gg^Efm, Ww, Ww, Mm^Xm, Mm^Xm, Mm^Xm, Mm^Xm, Mm^Xm
Xu, Xu, Xu, Xu, Xu, Xu, Xu, Xu, Xu, Xu, Md^Xm, Md^Xm, Dd, Dd, Dd, Dd, Hd, Md^Xm, Md^Xm, Md^Xm, Mm^Xm, Mm^Xm, Rp, Rp, Rp, Gg^Fet, Gg^Fet, Ww, Ww, Mm^Xm, Mm^Xm, Mm^Xm
Xu, Xu, Xu, Xu, Xu, Xu, Xu, Xu, Xu, Xu, Md^Xm, Dd, Md, Dd, Dd, Dd, Dd, Ds, Md^Xm, Md^Xm, Mm^Xm, Mm^Xm, Rp, Rp, Wwf, 9 Mm, Mm, Gg^Fet, Ww, Mm^Xm, Mm^Xm, Mm^Xm
Xu, Xu, Xu, Xu, Xu, Xu, Xu, Xu, Xu, Xu, Md^Xm, Dd, Ds, Hd, 8 Hd, Dd^Do, Ds, Ds, Md^Xm, Md^Xm, Mm^Xm, Mm^Xm, Rp, Gs^Fp, Gs^Fp, Ww, Ww, Ww, Mm^Xm, Mm^Xm, Mm^Xm, Mm^Xm
Xu, Xu, Xu, Xu, Xu, Xu, Xu, Xu, Xu, Xu, Xu, Ds, Ds, Ds, Ds, Ds, Md^Xm, Md^Xm, Md^Xm, Md^Xm, Mm^Xm, Mm^Xm, Mm^Xm, Rp, Ww, Ww, Mm^Xm, Mm^Xm, Mm^Xm, Mm^Xm, Mm^Xm, Mm^Xm
Xu, Xu, Xu, Xu, Xu, Xu, Xu, Xu, Xu, Xu, Xu, Md^Xm, Md^Xm, Ds, Md^Xm, Md^Xm, Md^Xm, Md^Xm, Md^Xm, Md^Xm, Mm^Xm, Mm^Xm, Mm^Xm, Mm^Xm, Mm^Xm, Mm^Xm, Mm^Xm, Mm^Xm, Mm^Xm, Mm^Xm, Mm^Xm, Mm^Xm
Xu, Xu, Xu, Xu, Xu, Xu, Xu, Xu, Xu, Xu, Xu, Xu, Md^Xm, Md^Xm, Md^Xm, Md^Xm, Md^Xm, Md^Xm, Md^Xm, Md^Xm, Mm^Xm, Mm^Xm, Mm^Xm, Mm^Xm, Mm^Xm, Mm^Xm, Mm^Xm, Mm^Xm, Mm^Xm, Mm^Xm, Mm^Xm, Mm^Xm
Xu, Xu, Xu, Xu, Xu, Xu, Xu, Xu, Xu, Xu, Xu, Xu, Mm, Mm, Mm, Mm, Mm, Mm, Mm, Mm, Mm, Mm, Mm, Mm, Mm, Mm, Mm, Mm, Mm, Mm, Mm, Mm^Xm
Xu, Xu, Xu, Xu, Xu, Xu, Xu, Xu, Xu, Xu, Xu, Xu, Mm, Mm, Gg, Ww, Ww, Ww, Ww, Ww, Ww, Ww, Ww, Wo, Gg^Fet, Gg^Fet, Gg^Fet, Ss, Ss, Mm, Ss, Mm^Xm
Xu, Xu, Xu, Xu, Xu, Xu, Xu, Xu, Xu, Xu, Mm, Mm, Gg, Gg, Gg^Vh, Ww, Ww, Ww, Ww, Ww, Ww^Vm, Ww, Ds, Gg^Fet, 7 Kv, Cv, Gg^Fet, Ss^Vhs, Hh, Ss, Ss, Gg
Xu, Xu, Xu, Xu, Xu, Xu, Uu^Vu, Uu, Cud, Uu, Gg, Gg, Ww, Ww, Gg, Hh, Ww, Ww, Ww, Ww, Ww, Ww, Gg^Fet, Cv, Rp, Cv, Gg^Fet, Ss, Gs^Fp, Gs^Fp, Gs^Fp, Gs^Fp
Xu, Xu, Xu, Xu, Xu, Uu, 6 Kud, Cud, Re, Re, Gg, Mm, Ww, Gg, Gg, Mm, Ww, Ww, Ww^Vm, Ww, Wwf, Mm, Ss, Gg^Fet, Rp, Re, Re, Gs^Fp, Gs^Fp, Gs^Fp, Gs^Fp, Gs^Fp
Xu, Xu, Xu, Xu, Xu, Uu, Cud, Re, Gg, Gg, Ww, Ww, Ww, Ww, Wwf, Wwf, Ww, Ww, Ww, Wwf, Ss, Ss, Hh, Gg, Re^Uf, Ss^Vhs, Ss, Re, Gs^Fp, Gs^Fp, Gs^Fp, Gs^Fp
Xu, Xu, Xu, Xu, Xu, Uu, Re, Re, Gs^Fds, Gg^Vh, Ww^Bw\, Ww, Ww, Ww, Gs^Ft, Gg^Vh, Ww, Ww, Wwf, Wwf, Gs^Fp, Ss, Ss^Vhs, Gg, Gs^Fp, Ss, Gs^Fp, Re, Re, Gg^Vh, Gs^Fp, Gs^Fp
Xu, Xu, Xu, Xu, Xu, Uh, Re, Gs^Fds, Dd^Do, Mm, Ww, Kh^Kov, Ww^Bw\, Hh, Gs, Gs, Mm, Ww, Wwf, Hh, Gs^Fp, Ss, Gg, Gg, Gs^Fp, Ss, Gs^Fp, Gs^Fp, Re, Gs^Fp, Ss, Gs^Fp
Xu, Xu, Uu, Xu, Uu^Vu, Uu^Uf, Re, Gs^Fds, Mm, Mm, Hh, Ww, Gs^Ft, Gs, Re, Re, Re, Wwf, Gg, Gs^Fp, Gs^Fp, Ss, Ss^Bw/, Chs, Mm, Ss, Chs, Re, Gs^Fp, Gs^Fp, Ss, Gs^Fp
Xu, Uu^Uf, Re, Uu, Uu, Uu, Re, Uh, Uu^Uf, Gg, Gg^Vh, Ww, Wwf, Gs, Re, Gs^Ft, Ww, Ww^Bw\, Rp, Gg^Vh, Rp, Rp, Gs^Fp, Ss, Ss, Ss, Gs^Fp, Ss^Bw\, Ss^Bw\, Ss, Gs^Fp, Gs^Fp
Xu, Uh, Ql, Re, Re, Re, Uu^Vud, Re, Uu^Uf, Gg, Gs^Fds, Ww, Gs^Ft, Hh, Gs, Gs, Gs^Vht, Ww, Gg, Rp, Gs^Fp, Gs^Fp, Re, Gs^Fp, Gs^Fp, Gs^Fp, Gs^Fp, Re, Gs^Fp, Ss^Bw|, Ss, Gs^Fp
Xu, Uu^Uf, Uh, Ql, Re, Uu, Xu, Xu, Xu, Uu^Ii, Gg, Ww, Wwf, Ww, Ww, Ww, Ww, Ww, Ww, Gg, Re, Re, Gs^Fp, Re, Re, Re, Re, Re, Ss^Bw/, Ss^Vhs, Gs^Fp, Ss
Xu, Uu^Uf, Uu^Vu, Uu, Re, Uu^Uf, Uh, Uu, Cud^Cov, Gg, Gs^Fds, Gs^Fds, Ww, Gs^Ft, Dd^Do, Gs^Ft, Wwf, Ww, Ww, Gg, Gg^Vh, Gs^Fp, Ch, Hh, Gs^Fp, Gs^Fp, Re, Gs^Fp, Ss, Ss^Bw|, Ss, Ss
Xu, Uu, Re, Uu, Re, Uu, Uu, Ww, Ww, Gg, Mm, Ww, Ww^Vm, Mm, Gs^Ft, Ww, Ds, Gs^Vht, Gs, Ww^Bw/, Ww, Gg, Gg, Gg, Gg, Gg, Hh, Re, Chs, Gs^Fp, Ss, Ss
Xu, Re, Uu, Re, Uu, Xu, Cud^Cov, Ww, Ww, Ww, Ww, Ww, Ww, Ww, Wwf, Ww, Gs, Gs^Ft, Mm, Gs, Ww, Dd^Do, Gg, Gg^Vh, Gg, Gg, Gs^Fp, Re, Gg, Gs^Fp, Ss, Ss
Xu, Uu, Re, Re, Uu^Uf, Re, Uu, Cud^Cov, Ds, Ww, Gg, Gs^Fds, Gs^Fds, Ww, Hh^Fms, Ww, Ww^Bw/, Gs, Ww, Ww^Vm, Ww, Gs^Fp, Ww, Gg, Ww^Bw|, Gg, Gg, Gs^Fp, Gg, Ss, Ss, Ss
Xu, Uu^Uf, Re, Uu^Vu, Re, Re, Cud^Cov, Xu, Gs, Ww, Ww, Hh^Fms, Gg, Gg^Vh, Gg, Gg, Gg, Wwf, Gs^Fp, Ww, Gs^Fp, Wwf, Wwf, Wwf, Chw, Wwf, Wwf, Hh, Gg, Gs^Fp, Ss, Ss
Xu, Xu, Xu, Xu, Xu, Xu, Gs^Fds, Gg^Vh, Gs, Gs, Ww^Bw\, Gs^Fds, Gg, Gg, Gs^Fp, Ch, Gg, Dd^Do, Ww, Wwf, Wwf, Wwf, Chw, Wwf, 3 Kh, Chw, Wwf, Gg, Gg, Gg^Vh, Ss, Ss
Xu, Xu, Re, Re, Xu, Gs^Fds, Hh^Fms, Gs, Gs, Ww, Gs^Fp, Ds, Mm, Gs^Fp, Xu, Hh, Ww, Ww^Bw\, Gg, Hh, Wwf, Chw, 4 Kh, Rr, Rr, Rr, Chw, Wwf, Ww^Bw/, Gg, Ww, Ww
Xu, Xu, Xu, Xu, Uu, Mm, Wwf, Wwf, Ww, Ww, Xu, Xu, Uu, Uu^Uf, Uh, Uu^Vu, Wwf, Gs^Fp, Gg^Vh, Gg, Gg, Ww^Bw/, Wwf, Rr, Rr, Rr, 1 Kh, Chw, Ww, Ww, Ww, Ww
Xu, Uu^Vud, Cud, Cud, Uu^Uf, Uu, Wwf, Ww^Vm, Wwf, Uu^Ii, Uu, Uu^Vud, Uu, Uu^Uf, Uu, Wwf, Uu^Uf, Xu, Xu, Gs^Fp, Gg, Wwf, Wwf, Chw, 2 Kh, Rr, Ww, Ww, Ww, Ww, Ww^Pw/, Ww
Xu, Cud, Cud, 5 Kud, Uu, Uu, Wwf, Ww, Wwf, Ur, Ur, Ur, Wwf, Ur, Wwf, Wwf, Gg, Uu^Vud, Gg, Hh, Gs^Fp, Gs, Ww^Bw/, Chw, Ww, Ww, Ww, Ww, Ww^Pw/, Ww^Pw/, Cm, Ww
Xu, Uu, Uu, Uu, Wwf, Wwf, Wwf, Uu^Uf, Uh, Wwf, Wwf, Wwf, Uh, Wwf, Ww, Ch, Gg, Gg, Gg, Gg, Gg^Vh, Gs, Wwr, Ww, Ww, Ww, Ww^Pw/, Ww^Pw/, Cm, Cm, Wot, Wot
Xu, Wwf, Wwf, Wwf, Xu, Xu, Ww, Ur, Xu, Xu, Xu, Xu, Uu, Uu, Ww, Ww, Ww, Ww, Ww, Ww, Ww, Wwr, Wwr, Wwr, Ww^Pw/, Ww^Pw/, Ww, Ww, Wog, Wot, Wot, Wot
