_off^_usr, _off^_usr, _off^_usr, _off^_usr, _off^_usr, _off^_usr, _off^_usr, _off^_usr, _off^_usr, _off^_usr, _off^_usr, _off^_usr, _off^_usr, _off^_usr, _off^_usr, _off^_usr, _off^_usr, _off^_usr, _off^_usr, _off^_usr, _off^_usr, _off^_usr, _off^_usr, _off^_usr, _off^_usr, _off^_usr, _off^_usr, _off^_usr, _off^_usr, _off^_usr, _off^_usr, _off^_usr, _off^_usr, _off^_usr, _off^_usr, _off^_usr, _off^_usr, _off^_usr, _off^_usr, _off^_usr, _off^_usr, _off^_usr, _off^_usr, _off^_usr, _off^_usr, _off^_usr, _off^_usr, _off^_usr, _off^_usr, _off^_usr, _off^_usr, _off^_usr, _off^_usr, _off^_usr, _off^_usr, _off^_usr, _off^_usr, _off^_usr, _off^_usr, _off^_usr, _off^_usr
_off^_usr, _off^_usr, _off^_usr, _off^_usr, _off^_usr, _off^_usr, _off^_usr, _off^_usr, _off^_usr, _off^_usr, _off^_usr, _off^_usr, _off^_usr, _off^_usr, _off^_usr, _off^_usr, _off^_usr, _off^_usr, _off^_usr, _off^_usr, _off^_usr, _off^_usr, _off^_usr, _off^_usr, _off^_usr, _off^_usr, _off^_usr, _off^_usr, _off^_usr, _off^_usr, _off^_usr, _off^_usr, _off^_usr, _off^_usr, _off^_usr, _off^_usr, _off^_usr, _off^_usr, _off^_usr, _off^_usr, _off^_usr, _off^_usr, _off^_usr, _off^_usr, _off^_usr, _off^_usr, _off^_usr, _off^_usr, _off^_usr, _off^_usr, _off^_usr, _off^_usr, _off^_usr, _off^_usr, _off^_usr, _off^_usr, _off^_usr, _off^_usr, _off^_usr, _off^_usr, _off^_usr
_off^_usr, _off^_usr, _off^_usr, _off^_usr, _off^_usr, _off^_usr, _off^_usr, _off^_usr, _off^_usr, _off^_usr, _off^_usr, _off^_usr, _off^_usr, _off^_usr, _off^_usr, _off^_usr, _off^_usr, _off^_usr, _off^_usr, _off^_usr, _off^_usr, _off^_usr, _off^_usr, _off^_usr, _off^_usr, _off^_usr, _off^_usr, _off^_usr, _off^_usr, _off^_usr, _off^_usr, _off^_usr, _off^_usr, _off^_usr, _off^_usr, _off^_usr, _off^_usr, _off^_usr, _off^_usr, _off^_usr, _off^_usr, _off^_usr, _off^_usr, _off^_usr, _off^_usr, _off^_usr, _off^_usr, _off^_usr, _off^_usr, _off^_usr, _off^_usr, _off^_usr, _off^_usr, _off^_usr, _off^_usr, _off^_usr, _off^_usr, _off^_usr, _off^_usr, _off^_usr, _off^_usr
_off^_usr, _off^_usr, _off^_usr, _off^_usr, _off^_usr, _off^_usr, _off^_usr, _off^_usr, _off^_usr, _off^_usr, _off^_usr, _off^_usr, _off^_usr, _off^_usr, _off^_usr, _off^_usr, _off^_usr, _off^_usr, _off^_usr, _off^_usr, _off^_usr, _off^_usr, _off^_usr, _off^_usr, _off^_usr, _off^_usr, _off^_usr, _off^_usr, _off^_usr, _off^_usr, Xu, _off^_usr, _off^_usr, _off^_usr, _off^_usr, _off^_usr, _off^_usr, _off^_usr, _off^_usr, _off^_usr, _off^_usr, _off^_usr, _off^_usr, _off^_usr, _off^_usr, _off^_usr, _off^_usr, _off^_usr, _off^_usr, _off^_usr, _off^_usr, _off^_usr, _off^_usr, _off^_usr, _off^_usr, _off^_usr, _off^_usr, _off^_usr, _off^_usr, _off^_usr, _off^_usr
_off^_usr, _off^_usr, _off^_usr, _off^_usr, _off^_usr, _off^_usr, _off^_usr, _off^_usr, _off^_usr, _off^_usr, _off^_usr, _off^_usr, _off^_usr, _off^_usr, _off^_usr, _off^_usr, _off^_usr, _off^_usr, _off^_usr, _off^_usr, _off^_usr, _off^_usr, _off^_usr, _off^_usr, _off^_usr, _off^_usr, _off^_usr, _off^_usr, Xu, Xu, Aa, Xu, Xu, _off^_usr, _off^_usr, _off^_usr, _off^_usr, _off^_usr, _off^_usr, _off^_usr, _off^_usr, _off^_usr, _off^_usr, _off^_usr, _off^_usr, _off^_usr, _off^_usr, _off^_usr, _off^_usr, _off^_usr, _off^_usr, _off^_usr, _off^_usr, _off^_usr, _off^_usr, _off^_usr, _off^_usr, _off^_usr, _off^_usr, _off^_usr, _off^_usr
_off^_usr, _off^_usr, _off^_usr, _off^_usr, _off^_usr, _off^_usr, _off^_usr, _off^_usr, _off^_usr, _off^_usr, _off^_usr, _off^_usr, _off^_usr, _off^_usr, _off^_usr, _off^_usr, _off^_usr, _off^_usr, _off^_usr, _off^_usr, Xu, Xu, Xu, _off^_usr, _off^_usr, _off^_usr, _off^_usr, _off^_usr, Xu, Aa, Aa, Aa, Xu, _off^_usr, _off^_usr, _off^_usr, _off^_usr, _off^_usr, Xu, Xu, Xu, _off^_usr, _off^_usr, _off^_usr, _off^_usr, _off^_usr, _off^_usr, _off^_usr, _off^_usr, _off^_usr, _off^_usr, _off^_usr, _off^_usr, _off^_usr, _off^_usr, _off^_usr, _off^_usr, _off^_usr, _off^_usr, _off^_usr, _off^_usr
_off^_usr, _off^_usr, _off^_usr, _off^_usr, _off^_usr, _off^_usr, _off^_usr, _off^_usr, _off^_usr, _off^_usr, _off^_usr, _off^_usr, _off^_usr, _off^_usr, _off^_usr, _off^_usr, _off^_usr, _off^_usr, _off^_usr, Xu, Ql, Ql, Ql, Xu, Xu, Xu, Xu, _off^_usr, Xu, Xu, Xu, Xu, Xu, _off^_usr, Xu, Xu, Xu, Xu, Ql, Ql, Ql, Xu, _off^_usr, _off^_usr, _off^_usr, _off^_usr, _off^_usr, _off^_usr, _off^_usr, _off^_usr, _off^_usr, _off^_usr, _off^_usr, _off^_usr, _off^_usr, _off^_usr, _off^_usr, _off^_usr, _off^_usr, _off^_usr, _off^_usr
_off^_usr, _off^_usr, _off^_usr, _off^_usr, _off^_usr, _off^_usr, _off^_usr, _off^_usr, _off^_usr, _off^_usr, _off^_usr, _off^_usr, _off^_usr, _off^_usr, _off^_usr, _off^_usr, _off^_usr, _off^_usr, _off^_usr, Xu, Ql, Ql, Ql, Xu, Uu, Uu, Uu, Xu, Uu, Uu, Uu, Uu, Uu, Xu, Uu, Uu, Uu, Xu, Ql, Ql, Ql, Xu, _off^_usr, _off^_usr, _off^_usr, _off^_usr, _off^_usr, _off^_usr, _off^_usr, _off^_usr, _off^_usr, _off^_usr, _off^_usr, _off^_usr, _off^_usr, _off^_usr, _off^_usr, _off^_usr, _off^_usr, _off^_usr, _off^_usr
_off^_usr, _off^_usr, _off^_usr, _off^_usr, _off^_usr, _off^_usr, _off^_usr, _off^_usr, _off^_usr, _off^_usr, _off^_usr, _off^_usr, _off^_usr, _off^_usr, _off^_usr, _off^_usr, _off^_usr, _off^_usr, _off^_usr, Xu, Xu, Ql, Xu, Xu, Xu, Xu, Uu, Uu, Qxu, Qxu, Qxu^Bw|, Qxu, Qxu, Uu, Uu, Xu, Xu, Xu, Xu, Ql, Xu, Xu, _off^_usr, _off^_usr, _off^_usr, _off^_usr, _off^_usr, _off^_usr, _off^_usr, _off^_usr, _off^_usr, _off^_usr, _off^_usr, _off^_usr, _off^_usr, _off^_usr, _off^_usr, _off^_usr, _off^_usr, _off^_usr, _off^_usr
_off^_usr, _off^_usr, _off^_usr, _off^_usr, _off^_usr, _off^_usr, _off^_usr, _off^_usr, _off^_usr, _off^_usr, _off^_usr, _off^_usr, _off^_usr, _off^_usr, _off^_usr, _off^_usr, _off^_usr, _off^_usr, Xu, Xu, Wo, Xu, Xu, Ql, Ql, Dd, Uu, Wwf, Qxu, Qxu, Qxu^Bw|, Qxu, Qxu, Wwf, Uu, Dd, Ql, Ql, Xu, Xu, Wo, Xu, Xu, _off^_usr, _off^_usr, _off^_usr, _off^_usr, _off^_usr, _off^_usr, _off^_usr, _off^_usr, _off^_usr, _off^_usr, _off^_usr, _off^_usr, _off^_usr, _off^_usr, _off^_usr, _off^_usr, _off^_usr, _off^_usr
_off^_usr, _off^_usr, _off^_usr, _off^_usr, _off^_usr, _off^_usr, _off^_usr, _off^_usr, _off^_usr, _off^_usr, _off^_usr, _off^_usr, _off^_usr, _off^_usr, _off^_usr, _off^_usr, _off^_usr, _off^_usr, Xu, Wo, Xu, Wo, Xu, Xu, Xu, Qxu, Uh, Wwf, Ww, Qxu, Ww, Qxu, Ww, Wwf, Uh, Qxu, Xu, Xu, Xu, Wo, Xu, Wo, Xu, _off^_usr, _off^_usr, _off^_usr, _off^_usr, _off^_usr, _off^_usr, _off^_usr, _off^_usr, _off^_usr, _off^_usr, _off^_usr, _off^_usr, _off^_usr, _off^_usr, _off^_usr, _off^_usr, _off^_usr, _off^_usr
_off^_usr, _off^_usr, _off^_usr, _off^_usr, _off^_usr, _off^_usr, _off^_usr, _off^_usr, _off^_usr, _off^_usr, _off^_usr, _off^_usr, _off^_usr, _off^_usr, Xu, Xu, Xu, _off^_usr, Xu, Wo, Wo, Wo, Xu, Xu, Xu, Qxu, Uu, Uu, Ww^Bw\, Ww, Uu, Ww, Ww^Bw/, Uu, Uu, Qxu, Xu, Xu, Xu, Wo, Wo, Wo, Xu, _off^_usr, Xu, Xu, Xu, _off^_usr, _off^_usr, _off^_usr, _off^_usr, _off^_usr, _off^_usr, _off^_usr, _off^_usr, _off^_usr, _off^_usr, _off^_usr, _off^_usr, _off^_usr, _off^_usr
_off^_usr, _off^_usr, _off^_usr, _off^_usr, _off^_usr, _off^_usr, _off^_usr, _off^_usr, _off^_usr, _off^_usr, _off^_usr, _off^_usr, _off^_usr, Xu, Ww, Ww, Ww, Xu, Xu, Xu, Xu, Xu, Xu, Xu, Uu, Uu, Wwf, Wwf, Xu, Uh, Uu, Uh, Xu, Wwf, Wwf, Uu, Uu, Xu, Xu, Xu, Xu, Xu, Xu, Xu, Ww, Ww, Ww, Xu, _off^_usr, _off^_usr, _off^_usr, _off^_usr, _off^_usr, _off^_usr, _off^_usr, _off^_usr, _off^_usr, _off^_usr, _off^_usr, _off^_usr, _off^_usr
_off^_usr, _off^_usr, _off^_usr, _off^_usr, _off^_usr, _off^_usr, _off^_usr, _off^_usr, _off^_usr, _off^_usr, Xu, _off^_usr, _off^_usr, Xu, Ww, Xu, Ww, Xu, Xu, Xu, Uu, Xu, Uu, Uu, Qxu, Gg, Wwf, Xu, Xu, Uu, Uu, Uu, Xu, Xu, Wwf, Gg, Qxu, Uu, Uu, Xu, Uu, Xu, Xu, Xu, Ww, Xu, Ww, Xu, _off^_usr, _off^_usr, Xu, _off^_usr, _off^_usr, _off^_usr, _off^_usr, _off^_usr, _off^_usr, _off^_usr, _off^_usr, _off^_usr, _off^_usr
_off^_usr, _off^_usr, _off^_usr, _off^_usr, _off^_usr, _off^_usr, _off^_usr, _off^_usr, Xu, Xu, Ai, Xu, Xu, Xu, Xu, Ww, Xu, Xu, Xu, Uu, Qxu, Uu, Xu, Xu, Ww, Ww, Gg, Wwf, Uu, Uu, Uu, Uu, Uu, Wwf, Gg, Ww, Ww, Xu, Xu, Uu, Qxu, Uu, Xu, Xu, Xu, Ww, Xu, Xu, Xu, Xu, Ai, Xu, Xu, _off^_usr, _off^_usr, _off^_usr, _off^_usr, _off^_usr, _off^_usr, _off^_usr, _off^_usr
_off^_usr, _off^_usr, _off^_usr, _off^_usr, _off^_usr, _off^_usr, _off^_usr, _off^_usr, Xu, Ai, Xu, Ai, Xu, 9 Kud, Cud, Xu, Cud, Xu, Gg, Uu, Uu^Vu, Qxu, Xu, Ww, Ww, Xu, Gs^Fp, Gg, Xu, Gg, Uu, Gg, Xu, Gg, Gs^Fp, Xu, Ww, Ww, Xu, Qxu, Uu^Vu, Uu, Gg, Xu, Cud, Xu, Cud, 6 Kud, Xu, Ai, Xu, Ai, Xu, _off^_usr, _off^_usr, _off^_usr, _off^_usr, _off^_usr, _off^_usr, _off^_usr, _off^_usr
_off^_usr, _off^_usr, _off^_usr, _off^_usr, Xu, Xu, Xu, _off^_usr, Xu, Ai, Ai, Ai, Xu, Cud, Rr, Cud, Gg, Gg, Rr, Rr, Uh, Uu, Xu, Ww, Xu, Xu, Xu, Xu, Gg, Gg, Gs^Fp, Gg, Gg, Xu, Xu, Xu, Xu, Ww, Xu, Uu, Uh, Rr, Rr, Gg, Gg, Cud, Rr, Cud, Xu, Ai, Ai, Ai, Xu, _off^_usr, Xu, Xu, Xu, _off^_usr, _off^_usr, _off^_usr, _off^_usr
_off^_usr, _off^_usr, _off^_usr, Xu, Aa, Aa, Aa, Xu, Wo, Xu, Xu, Xu, Cud, Cud, Gg, Rr, Rr, Rr, Xu, Xu, Xu, Xu, Wwf, Ww, Gg, Hh, Gg, Gs^Fp, Gg, Gg, Gg, Gg, Gg, Gs^Fp, Gg, Hh, Gg, Ww, Wwf, Xu, Xu, Xu, Xu, Rr, Rr, Rr, Gg, Cud, Cud, Xu, Xu, Xu, Wo, Xu, Aa, Aa, Aa, Xu, _off^_usr, _off^_usr, _off^_usr
_off^_usr, _off^_usr, _off^_usr, Xu, Aa, Xu, Aa, Xu, Wo, Wo, Xu, Xu, Ww, Ww, Gg, Gg, Rr, Xu, Ch, Ch, Xu, Gs^Fp, Gs^Fp, Wwf, Wwf, Gg, Cud, Gg, Gg, Gg, Gg^Vh, Gg, Gg, Gg, Cud, Gg, Wwf, Wwf, Gs^Fp, Gs^Fp, Xu, Ch, Ch, Xu, Rr, Gg, Gg, Ww, Ww, Xu, Xu, Wo, Wo, Xu, Aa, Xu, Aa, Xu, _off^_usr, _off^_usr, _off^_usr
_off^_usr, _off^_usr, _off^_usr, Xu, Xu, Aa, Xu, Xu, Xu, Xu, Ql, Xu, Xu, Ww, Gg, Gg, Rr, Xu, Xu, 1 Kh, Gs^Fp, Hh, Xu, Xu, Xu, Wwf, Ds, Gg, Gg, Gg, Gs^Fp, Gg, Gg, Gg, Ds, Wwf, Xu, Xu, Xu, Hh, Gs^Fp, 2 Kh, Xu, Xu, Rr, Gg, Gg, Ww, Xu, Xu, Ql, Xu, Xu, Xu, Xu, Aa, Xu, Xu, _off^_usr, _off^_usr, _off^_usr
_off^_usr, _off^_usr, _off^_usr, _off^_usr, _off^_usr, Xu, Ww, Ww, Xu, Ql, Ql, Ql, Xu, Uu^Vu, Gs^Fp, Gg, Rr, Uh, Xu, Gg^Vh, Mm, Gs^Fp, Xu, Wwf, Wwf, Wwf, Gg, Ss, Gg, Gs^Fp, Gs^Fp, Gs^Fp, Gg, Ss, Gg, Wwf, Wwf, Wwf, Xu, Gs^Fp, Mm, Gg^Vh, Xu, Uh, Rr, Gg, Gs^Fp, Uu^Vu, Xu, Ql, Ql, Ql, Xu, Ww, Ww, Xu, _off^_usr, _off^_usr, _off^_usr, _off^_usr, _off^_usr
_off^_usr, _off^_usr, _off^_usr, _off^_usr, Xu, Xu, Xu, Ww, Xu, Ql, Ql, Ql, Xu, Hh, Gs^Fp, Gg, Rr, Uh, Xu, Gs^Fp, Gs^Fp, Gs^Fp, Gg, Gg, Ww, Gg, Gs^Fp, Gg, Hh, Gg, Gg, Gg, Hh, Gg, Gs^Fp, Gg, Ww, Gg, Gg, Gs^Fp, Gs^Fp, Gs^Fp, Xu, Uh, Rr, Gg, Gs^Fp, Hh, Xu, Ql, Ql, Ql, Xu, Ww, Xu, Xu, Xu, _off^_usr, _off^_usr, _off^_usr, _off^_usr
_off^_usr, _off^_usr, _off^_usr, Xu, Ds, Ds, Ds, Xu, Ai, Xu, Xu, Xu, Xu, Uu, Gs^Fp, Gg, Rr, Xu, Hh, Xu, Xu, Gg, Ww, Ww, Ds, Gg, Gg, Gg, Gg, Gg, Gg, Gg, Gg, Gg, Gg, Gg, Ds, Ww, Ww, Gg, Xu, Xu, Hh, Xu, Rr, Gg, Gs^Fp, Uu, Xu, Xu, Xu, Xu, Ai, Xu, Ds, Ds, Ds, Xu, _off^_usr, _off^_usr, _off^_usr
_off^_usr, _off^_usr, _off^_usr, Xu, Ds, Xu, Ds, Xu, Ai, Ai, Xu, Xu, Uu, Uu, Uu, Gg, Rr, Xu, Gg, Hh, Ww, Ww, Hh, Ss, Gs^Fp, Mm, Gg, Gg, Gg, Gs^Fp, Hh, Gs^Fp, Xu, Mm, Xu, Hh, Gs^Fp, Ss, Wwf, Ww, Ww, Hh, Gg, Xu, Rr, Gg, Uu, Uu, Uu, Xu, Xu, Ai, Ai, Xu, Ds, Xu, Ds, Xu, _off^_usr, _off^_usr, _off^_usr
_off^_usr, _off^_usr, _off^_usr, Xu, Xu, Ds, Xu, Xu, Xu, Xu, Uu^Uf, Uu^Uf, Uu, Uu, Xu, Cud, Gg, Rr, Rr, Ww, Ds, Gg, Gg, Gg, Xu, Gs^Fp, Gg, Gs^Fp, Gg, Gg, Xu, Xu, Ss, Xu, Ww, Xu, Xu, Ww, Ww, Wwf, Ds, Ww, Rr, Rr, Gg, Cud, Xu, Uu, Uu, Uu^Uf, Uu^Uf, Xu, Xu, Xu, Xu, Ds, Xu, Xu, _off^_usr, _off^_usr, _off^_usr
_off^_usr, _off^_usr, _off^_usr, _off^_usr, _off^_usr, Xu, Dd, Dd, Xu, Uu^Uf, Uu^Vu, Uu^Uf, Uu, Ql, Ql, Xu, Mm, Gg, Ww, Ww^Bw\, Rr, Gg, Xu, Xu, Ss, Gg, Gg, Gg, Gg, Xu, Ss, Xu, Ss, Wwf, Ww, Ww, Ww, Ww, Ww, Ww, Rr, Ww^Bw/, Ww, Gg, Mm, Xu, Ql, Ql, Uu, Uu^Uf, Uu^Vu, Uu^Uf, Xu, Dd, Dd, Xu, _off^_usr, _off^_usr, _off^_usr, _off^_usr, _off^_usr
_off^_usr, _off^_usr, _off^_usr, _off^_usr, Xu, Xu, Xu, Dd, Xu, Uu^Uf, Uu^Uf, Uu^Uf, Gg, Gg, Gg, Xu, Xu, Wwf, Ds, Hh, Gg, Gg, Gg, Gg, Gg, Gs^Fp, Gg, Rr, Gs^Fp, Xu, Xu, Ss, Ss, Wwf, Ww, Ww, Ww, Ww, Gg, Gg, Gg, Hh, Ds, Wwf, Xu, Xu, Gg, Gg, Gg, Uu^Uf, Uu^Uf, Uu^Uf, Xu, Dd, Xu, Xu, Xu, _off^_usr, _off^_usr, _off^_usr, _off^_usr
_off^_usr, _off^_usr, _off^_usr, Xu, Rd, Rd, Rd, Xu, Ql, Xu, Xu, Gg, Xu, Cud, Xu, Gg, Gg, Gg, Gg, Gs^Fp, Gs^Fp, Ds, Gg, Gg, Gs^Fp, Gg, Gg, Gg, Gs^Fp, Gs^Fp, 5 Kh, Xu, Xu, Xu, Wwf, Ww, Uu, Ss, Gg, Ds, Gs^Fp, Gs^Fp, Gg, Gg, Gg, Gg, Xu, Cud, Xu, Gg, Xu, Xu, Ql, Xu, Rd, Rd, Rd, Xu, _off^_usr, _off^_usr, _off^_usr
_off^_usr, _off^_usr, _off^_usr, Xu, Rd, Xu, Rd, Xu, Ql, Ql, Xu, Xu, Xu, Xu, Xu, Xu, Gg, Uu^Vu, Gg, Gs^Fp, Gs^Fp, Gg, Gg, Gg, Gs^Fp, Gg, Gg, Gs^Fp, Gs^Fp, Gg^Vh, Ch, Ch, Xu, Wwf, Xu, Xu, Gs^Fp, Gg, Gg, Gg, Gs^Fp, Gs^Fp, Gg, Uu^Vu, Gg, Xu, Xu, Xu, Xu, Xu, Xu, Ql, Ql, Xu, Rd, Xu, Rd, Xu, _off^_usr, _off^_usr, _off^_usr
_off^_usr, _off^_usr, _off^_usr, Xu, Xu, Rd, Xu, Xu, Xu, Xu, Uu^Uf, Gg, Gg, Cud, Gg, Gg, Xu, Gg, Ds, Ww, Ww, Ds, Hh, Gg, Gg, Gg, Gg, Gg, Xu, Xu, Xu, Xu, Gs^Fp, Gg, Gg, Gg, Gg, Gg, Gg, Ds, Gg, Gs^Fp, Ds, Gg, Xu, Gg, Gg, Cud, Gg, Gg, Uu^Uf, Xu, Xu, Xu, Xu, Rd, Xu, Xu, _off^_usr, _off^_usr, _off^_usr
_off^_usr, _off^_usr, _off^_usr, _off^_usr, _off^_usr, Xu, Dd, Dd, Xu, Uu^Uf, Uu^Vu, Uu^Uf, Xu, Gg, Ql, Xu, Mm, Gg, Gs^Fp, Ds, Gs^Fp, Ww, Ww^Bw/, Rr, Ss, Gs^Fp, Gg, Xu, Gg, Gs^Fp, Gs^Fp, Gs^Fp, Gg, Rr, Gg, Gs^Fp, Ss, Gg, Xu, Gg, Rr, Hh, Ww, Wwf, Mm, Xu, Ql, Gg, Uu, Uu^Uf, Uu^Vu, Uu^Uf, Xu, Dd, Dd, Xu, _off^_usr, _off^_usr, _off^_usr, _off^_usr, _off^_usr
_off^_usr, _off^_usr, _off^_usr, _off^_usr, Xu, Xu, Xu, Dd, Xu, Uu^Uf, Uu^Uf, Uu^Uf, Xu, Ql, Xu, Xu, Gg, Gg, Gg, Gg, Rr, Rr, Gg, Ww, Xu, Gg, Gg, Gg, Gg, Gg, Gs^Fp, Gg, Gg, Gg, Gg, Gg, Xu, Xu, Gg, Gg, Ds, Ww^Bw\, Rr, Gg, Gg, Xu, Xu, Ql, Uu, Uu^Uf, Uu^Uf, Uu^Uf, Xu, Dd, Xu, Xu, Xu, _off^_usr, _off^_usr, _off^_usr, _off^_usr
_off^_usr, _off^_usr, _off^_usr, Xu, Ds, Ds, Ds, Xu, Ai, Xu, Xu, Xu, Aa, Xu, Gg, Cud, Rr, Rr, Rr, Rr, Gg, Gg, Ds, Ww, Gs^Fp, Gs^Fp, Gg, Gs^Fp, Gg, Gg, Hh, Gg, Gg, Gs^Fp, Gg, Gs^Fp, Gs^Fp, Gg, Hh, Gg, Ww, Ww, Gg, Rr, Rr, Cud, Uu, Uu, Uu, Uu^Uf, Xu, Xu, Ai, Xu, Ds, Ds, Ds, Xu, _off^_usr, _off^_usr, _off^_usr
_off^_usr, _off^_usr, _off^_usr, Xu, Ds, Xu, Ds, Xu, Ai, Ai, Xu, Aa, Aa, Xu, Gs^Fp, Gg, Rr, Xu, Hh, Gg, Gg, Gs^Fp, Ss, Ww, Ww, Mm, Gg, Gg, Gg, Gs^Fp, Gg, Gs^Fp, Gg, Gg, Gg, Mm, Ds, Ss, Ww, Ww, Xu, Hh, Hh, Xu, Rr, Gg, Gs^Fp, Uu, Xu, Xu, Xu, Ai, Ai, Xu, Ds, Xu, Ds, Xu, _off^_usr, _off^_usr, _off^_usr
_off^_usr, _off^_usr, _off^_usr, Xu, Xu, Ds, Xu, Xu, Xu, Xu, Ql, Xu, Xu, Xu, Xu, Gg, Rr, Xu, Xu, Xu, Gs^Fp, Gg, Gg, Ds, Ww, Rr, Gs^Fp, Gg, Hh, Gg, Gg, Gg, Hh, Gg, Gs^Fp, Gg, Ww, Ww, Gg, Gg, Gs^Fp, Xu, Xu, Xu, Rr, Gg, Gs^Fp, Uu, Xu, Xu, Ql, Xu, Xu, Xu, Xu, Ds, Xu, Xu, _off^_usr, _off^_usr, _off^_usr
_off^_usr, _off^_usr, _off^_usr, _off^_usr, _off^_usr, Xu, Ww, Ww, Xu, Ql, Ql, Ql, Xu, Hh, Gs^Fp, Gg, Rr, Uh, Xu, Gs^Fp, Mm, Gs^Fp, Xu, Gg, Wwf, Rr, Gg, Gg, Gg, Gg, Gs^Fp, Gg, Gg, Gg, Gg, Gg, Wwf, Gg, Xu, Gs^Fp, Mm, Gs^Fp, Xu, Uh, Rr, Gg, Gs^Fp, Hh, Xu, Ql, Ql, Ql, Xu, Ww, Ww, Xu, _off^_usr, _off^_usr, _off^_usr, _off^_usr, _off^_usr
_off^_usr, _off^_usr, _off^_usr, _off^_usr, Xu, Xu, Xu, Ww, Xu, Ql, Ql, Ql, Xu, Uu^Vu, Gg, Gg, Rr, Uh, Xu, Gg^Vh, Gs^Fp, Gs^Fp, Xu, Wwf, Xu, Wwf, Ds, Ss, Gg, Gs^Fp, Gs^Fp, Gs^Fp, Gg, Ss, Ds, Wwf, Xu, Wwf, Xu, Gs^Fp, Gs^Fp, Gg^Vh, Xu, Uh, Rr, Gg, Gg, Uu^Vu, Xu, Ql, Ql, Ql, Xu, Ww, Xu, Xu, Xu, _off^_usr, _off^_usr, _off^_usr, _off^_usr
_off^_usr, _off^_usr, _off^_usr, Xu, Aa, Aa, Aa, Xu, Wo, Xu, Xu, Xu, Ww, Ww, Gg, Gg, Rr, Xu, Ch, 4 Kh, Xu, Hh, Gs^Fp, Xu, Wwf, Wwf, Cud, Gg, Gg, Gg, Gg^Vh, Gg, Gg, Gg, Cud, Wwf, Wwf, Xu, Gs^Fp, Hh, Xu, 3 Kh, Ch, Xu, Rr, Gg, Gg, Ww, Ww, Xu, Xu, Xu, Wo, Xu, Aa, Aa, Aa, Xu, _off^_usr, _off^_usr, _off^_usr
_off^_usr, _off^_usr, _off^_usr, Xu, Aa, Xu, Aa, Xu, Wo, Wo, Xu, Xu, Cud, Ww, Gg, Gg, Rr, Xu, Xu, Ch, Xu, Gs^Fp, Wwf, Wwf, Gg, Gg, Gg, Gg, Gg, Gg, Gg, Gg, Gg, Gg, Gg, Gg, Gg, Wwf, Wwf, Gs^Fp, Xu, Ch, Xu, Xu, Rr, Gg, Gg, Ww, Cud, Xu, Xu, Wo, Wo, Xu, Aa, Xu, Aa, Xu, _off^_usr, _off^_usr, _off^_usr
_off^_usr, _off^_usr, _off^_usr, Xu, Xu, Aa, Xu, Xu, Xu, Xu, Ai, Xu, Xu, Cud, Rr, Rr, Gg, Rr, Rr, Xu, Uh, Xu, Xu, Ww, Xu, Hh, Xu, Gs^Fp, Gg, Gg, Gs^Fp, Gg, Gg, Gs^Fp, Xu, Hh, Xu, Ww, Xu, Xu, Uh, Xu, Rr, Rr, Gg, Rr, Rr, Cud, Xu, Xu, Ai, Xu, Xu, Xu, Xu, Aa, Xu, Xu, _off^_usr, _off^_usr, _off^_usr
_off^_usr, _off^_usr, _off^_usr, _off^_usr, _off^_usr, Xu, _off^_usr, _off^_usr, Xu, Ai, Xu, Ai, Xu, Cud, Cud, Cud, Cud, Gg, Gg, Rr, Uu^Vu, Uu, Xu, Ww, Ww, Xu, Gs^Fp, Xu, Xu, Gg, Uu, Gg, Xu, Xu, Gs^Fp, Xu, Ww, Ww, Xu, Uu, Uu^Vu, Rr, Gg, Gg, Cud, Cud, Cud, Cud, Xu, Ai, Xu, Ai, Xu, _off^_usr, _off^_usr, Xu, _off^_usr, _off^_usr, _off^_usr, _off^_usr, _off^_usr
_off^_usr, _off^_usr, _off^_usr, _off^_usr, _off^_usr, _off^_usr, _off^_usr, _off^_usr, Xu, Ai, Ai, Ai, Xu, 7 Kud, Xu, Xu, Xu, Xu, Xu, Uu, Qxu, Qxu, Xu, Ww, Ww, Xu, Gg, Gg, Uu, Gg, Uu, Gg, Uu, Gg, Gg, Xu, Ww, Ww, Xu, Qxu, Qxu, Uu, Xu, Xu, Xu, Xu, Xu, 8 Kud, Xu, Ai, Ai, Ai, Xu, _off^_usr, _off^_usr, _off^_usr, _off^_usr, _off^_usr, _off^_usr, _off^_usr, _off^_usr
_off^_usr, _off^_usr, _off^_usr, _off^_usr, _off^_usr, _off^_usr, _off^_usr, _off^_usr, _off^_usr, Xu, Xu, Xu, _off^_usr, Xu, Ww, Ww, Ww, Xu, Xu, Uu, Uu, Uu, Uu, Xu, Qxu, Ww, Wwf, Wwf, Xu, Uu, Uu, Uu, Xu, Wwf, Wwf, Ww, Qxu, Xu, Uu, Uu, Uu, Uu, Xu, Xu, Ww, Ww, Ww, Xu, _off^_usr, Xu, Xu, Xu, _off^_usr, _off^_usr, _off^_usr, _off^_usr, _off^_usr, _off^_usr, _off^_usr, _off^_usr, _off^_usr
_off^_usr, _off^_usr, _off^_usr, _off^_usr, _off^_usr, _off^_usr, _off^_usr, _off^_usr, _off^_usr, _off^_usr, _off^_usr, _off^_usr, _off^_usr, Xu, Ww, Xu, Ww, Xu, Xu, Xu, Xu, Xu, Xu, Uu, Uu, Gg, Wwf, Xu, Xu, Uu, Uu, Uu, Xu, Xu, Wwf, Gg, Uu, Uu, Xu, Xu, Xu, Xu, Xu, Xu, Ww, Xu, Ww, Xu, _off^_usr, _off^_usr, _off^_usr, _off^_usr, _off^_usr, _off^_usr, _off^_usr, _off^_usr, _off^_usr, _off^_usr, _off^_usr, _off^_usr, _off^_usr
_off^_usr, _off^_usr, _off^_usr, _off^_usr, _off^_usr, _off^_usr, _off^_usr, _off^_usr, _off^_usr, _off^_usr, _off^_usr, _off^_usr, _off^_usr, Xu, Xu, Ww, Xu, Xu, Xu, Xu, Wo, Xu, Xu, Xu, Xu, Uu, Uu, Wwf, Ww^Bw/, Uh, Uu, Uh, Ww^Bw\, Wwf, Uu, Uu, Xu, Xu, Xu, Xu, Wo, Xu, Xu, Xu, Xu, Ww, Xu, Xu, _off^_usr, _off^_usr, _off^_usr, _off^_usr, _off^_usr, _off^_usr, _off^_usr, _off^_usr, _off^_usr, _off^_usr, _off^_usr, _off^_usr, _off^_usr
_off^_usr, _off^_usr, _off^_usr, _off^_usr, _off^_usr, _off^_usr, _off^_usr, _off^_usr, _off^_usr, _off^_usr, _off^_usr, _off^_usr, _off^_usr, _off^_usr, _off^_usr, Xu, _off^_usr, _off^_usr, Xu, Wo, Xu, Wo, Xu, Xu, Xu, Qxu, Uh, Uu, Ww, Ww, Ww, Ww, Ww, Uu, Uh, Qxu, Xu, Xu, Xu, Wo, Xu, Wo, Xu, _off^_usr, _off^_usr, Xu, _off^_usr, _off^_usr, _off^_usr, _off^_usr, _off^_usr, _off^_usr, _off^_usr, _off^_usr, _off^_usr, _off^_usr, _off^_usr, _off^_usr, _off^_usr, _off^_usr, _off^_usr
_off^_usr, _off^_usr, _off^_usr, _off^_usr, _off^_usr, _off^_usr, _off^_usr, _off^_usr, _off^_usr, _off^_usr, _off^_usr, _off^_usr, _off^_usr, _off^_usr, _off^_usr, _off^_usr, _off^_usr, _off^_usr, Xu, Wo, Wo, Wo, Xu, Xu, Ql, Qxu, Uu, Wwf, Qxu, Qxu, Qxu^Bw|, Qxu, Qxu, Wwf, Uu, Qxu, Ql, Xu, Xu, Wo, Wo, Wo, Xu, _off^_usr, _off^_usr, _off^_usr, _off^_usr, _off^_usr, _off^_usr, _off^_usr, _off^_usr, _off^_usr, _off^_usr, _off^_usr, _off^_usr, _off^_usr, _off^_usr, _off^_usr, _off^_usr, _off^_usr, _off^_usr
_off^_usr, _off^_usr, _off^_usr, _off^_usr, _off^_usr, _off^_usr, _off^_usr, _off^_usr, _off^_usr, _off^_usr, _off^_usr, _off^_usr, _off^_usr, _off^_usr, _off^_usr, _off^_usr, _off^_usr, _off^_usr, _off^_usr, Xu, Xu, Xu, Xu, Ql, Xu, Dd, Uu, Wwf, Qxu, Qxu, Qxu^Bw|, Qxu, Qxu, Wwf, Uu, Dd, Xu, Ql, Xu, Xu, Xu, Xu, _off^_usr, _off^_usr, _off^_usr, _off^_usr, _off^_usr, _off^_usr, _off^_usr, _off^_usr, _off^_usr, _off^_usr, _off^_usr, _off^_usr, _off^_usr, _off^_usr, _off^_usr, _off^_usr, _off^_usr, _off^_usr, _off^_usr
_off^_usr, _off^_usr, _off^_usr, _off^_usr, _off^_usr, _off^_usr, _off^_usr, _off^_usr, _off^_usr, _off^_usr, _off^_usr, _off^_usr, _off^_usr, _off^_usr, _off^_usr, _off^_usr, _off^_usr, _off^_usr, _off^_usr, Xu, Ql, Ql, Ql, Xu, Uu, Xu, Uu, Uu, Uu, Qxu, Uu, Qxu, Uu, Uu, Uu, Xu, Uu, Xu, Ql, Ql, Ql, Xu, _off^_usr, _off^_usr, _off^_usr, _off^_usr, _off^_usr, _off^_usr, _off^_usr, _off^_usr, _off^_usr, _off^_usr, _off^_usr, _off^_usr, _off^_usr, _off^_usr, _off^_usr, _off^_usr, _off^_usr, _off^_usr, _off^_usr
_off^_usr, _off^_usr, _off^_usr, _off^_usr, _off^_usr, _off^_usr, _off^_usr, _off^_usr, _off^_usr, _off^_usr, _off^_usr, _off^_usr, _off^_usr, _off^_usr, _off^_usr, _off^_usr, _off^_usr, _off^_usr, _off^_usr, Xu, Ql, Ql, Ql, Xu, Xu, Uu, Xu, Xu, Xu, Uu, Xu, Uu, Xu, Xu, Xu, Uu, Xu, Xu, Ql, Ql, Ql, Xu, _off^_usr, _off^_usr, _off^_usr, _off^_usr, _off^_usr, _off^_usr, _off^_usr, _off^_usr, _off^_usr, _off^_usr, _off^_usr, _off^_usr, _off^_usr, _off^_usr, _off^_usr, _off^_usr, _off^_usr, _off^_usr, _off^_usr
_off^_usr, _off^_usr, _off^_usr, _off^_usr, _off^_usr, _off^_usr, _off^_usr, _off^_usr, _off^_usr, _off^_usr, _off^_usr, _off^_usr, _off^_usr, _off^_usr, _off^_usr, _off^_usr, _off^_usr, _off^_usr, _off^_usr, Xu, Xu, Ql, Xu, Xu, _off^_usr, Xu, _off^_usr, _off^_usr, Xu, Xu, Aa, Xu, Xu, _off^_usr, _off^_usr, Xu, _off^_usr, Xu, Xu, Ql, Xu, Xu, _off^_usr, _off^_usr, _off^_usr, _off^_usr, _off^_usr, _off^_usr, _off^_usr, _off^_usr, _off^_usr, _off^_usr, _off^_usr, _off^_usr, _off^_usr, _off^_usr, _off^_usr, _off^_usr, _off^_usr, _off^_usr, _off^_usr
_off^_usr, _off^_usr, _off^_usr, _off^_usr, _off^_usr, _off^_usr, _off^_usr, _off^_usr, _off^_usr, _off^_usr, _off^_usr, _off^_usr, _off^_usr, _off^_usr, _off^_usr, _off^_usr, _off^_usr, _off^_usr, _off^_usr, _off^_usr, _off^_usr, Xu, _off^_usr, _off^_usr, _off^_usr, _off^_usr, _off^_usr, _off^_usr, Xu, Aa, Aa, Aa, Xu, _off^_usr, _off^_usr, _off^_usr, _off^_usr, _off^_usr, _off^_usr, Xu, _off^_usr, _off^_usr, _off^_usr, _off^_usr, _off^_usr, _off^_usr, _off^_usr, _off^_usr, _off^_usr, _off^_usr, _off^_usr, _off^_usr, _off^_usr, _off^_usr, _off^_usr, _off^_usr, _off^_usr, _off^_usr, _off^_usr, _off^_usr, _off^_usr
_off^_usr, _off^_usr, _off^_usr, _off^_usr, _off^_usr, _off^_usr, _off^_usr, _off^_usr, _off^_usr, _off^_usr, _off^_usr, _off^_usr, _off^_usr, _off^_usr, _off^_usr, _off^_usr, _off^_usr, _off^_usr, _off^_usr, _off^_usr, _off^_usr, _off^_usr, _off^_usr, _off^_usr, _off^_usr, _off^_usr, _off^_usr, _off^_usr, _off^_usr, Xu, Xu, Xu, _off^_usr, _off^_usr, _off^_usr, _off^_usr, _off^_usr, _off^_usr, _off^_usr, _off^_usr, _off^_usr, _off^_usr, _off^_usr, _off^_usr, _off^_usr, _off^_usr, _off^_usr, _off^_usr, _off^_usr, _off^_usr, _off^_usr, _off^_usr, _off^_usr, _off^_usr, _off^_usr, _off^_usr, _off^_usr, _off^_usr, _off^_usr, _off^_usr, _off^_usr
_off^_usr, _off^_usr, _off^_usr, _off^_usr, _off^_usr, _off^_usr, _off^_usr, _off^_usr, _off^_usr, _off^_usr, _off^_usr, _off^_usr, _off^_usr, _off^_usr, _off^_usr, _off^_usr, _off^_usr, _off^_usr, _off^_usr, _off^_usr, _off^_usr, _off^_usr, _off^_usr, _off^_usr, _off^_usr, _off^_usr, _off^_usr, _off^_usr, _off^_usr, _off^_usr, _off^_usr, _off^_usr, _off^_usr, _off^_usr, _off^_usr, _off^_usr, _off^_usr, _off^_usr, _off^_usr, _off^_usr, _off^_usr, _off^_usr, _off^_usr, _off^_usr, _off^_usr, _off^_usr, _off^_usr, _off^_usr, _off^_usr, _off^_usr, _off^_usr, _off^_usr, _off^_usr, _off^_usr, _off^_usr, _off^_usr, _off^_usr, _off^_usr, _off^_usr, _off^_usr, _off^_usr
_off^_usr, _off^_usr, _off^_usr, _off^_usr, _off^_usr, _off^_usr, _off^_usr, _off^_usr, _off^_usr, _off^_usr, _off^_usr, _off^_usr, _off^_usr, _off^_usr, _off^_usr, _off^_usr, _off^_usr, _off^_usr, _off^_usr, _off^_usr, _off^_usr, _off^_usr, _off^_usr, _off^_usr, _off^_usr, _off^_usr, _off^_usr, _off^_usr, _off^_usr, _off^_usr, _off^_usr, _off^_usr, _off^_usr, _off^_usr, _off^_usr, _off^_usr, _off^_usr, _off^_usr, _off^_usr, _off^_usr, _off^_usr, _off^_usr, _off^_usr, _off^_usr, _off^_usr, _off^_usr, _off^_usr, _off^_usr, _off^_usr, _off^_usr, _off^_usr, _off^_usr, _off^_usr, _off^_usr, _off^_usr, _off^_usr, _off^_usr, _off^_usr, _off^_usr, _off^_usr, _off^_usr
_off^_usr, _off^_usr, _off^_usr, _off^_usr, _off^_usr, _off^_usr, _off^_usr, _off^_usr, _off^_usr, _off^_usr, _off^_usr, _off^_usr, _off^_usr, _off^_usr, _off^_usr, _off^_usr, _off^_usr, _off^_usr, _off^_usr, _off^_usr, _off^_usr, _off^_usr, _off^_usr, _off^_usr, _off^_usr, _off^_usr, _off^_usr, _off^_usr, _off^_usr, _off^_usr, _off^_usr, _off^_usr, _off^_usr, _off^_usr, _off^_usr, _off^_usr, _off^_usr, _off^_usr, _off^_usr, _off^_usr, _off^_usr, _off^_usr, _off^_usr, _off^_usr, _off^_usr, _off^_usr, _off^_usr, _off^_usr, _off^_usr, _off^_usr, _off^_usr, _off^_usr, _off^_usr, _off^_usr, _off^_usr, _off^_usr, _off^_usr, _off^_usr, _off^_usr, _off^_usr, _off^_usr
